// Jest Snapshot v1, https://goo.gl/fbAQLP

exports[`test Should match Snapshot of Checkbox 1`] = `
<label
  className="MuiFormControlLabel-root"
>
  <span
    aria-disabled={false}
    className="MuiButtonBase-root MuiIconButton-root PrivateSwitchBase-root-5 MuiCheckbox-root MuiCheckbox-colorSecondary MuiIconButton-colorSecondary"
    onBlur={[Function]}
    onDragLeave={[Function]}
    onFocus={[Function]}
    onKeyDown={[Function]}
    onKeyUp={[Function]}
    onMouseDown={[Function]}
    onMouseLeave={[Function]}
    onMouseUp={[Function]}
    onTouchEnd={[Function]}
    onTouchMove={[Function]}
    onTouchStart={[Function]}
    tabIndex={null}
  >
    <span
      className="MuiIconButton-label"
    >
      <input
        className="PrivateSwitchBase-input-8"
        data-indeterminate={false}
        onChange={[Function]}
        tabIndex={0}
        type="checkbox"
        value="end"
      />
      <svg
        aria-hidden={true}
        className="MuiSvgIcon-root"
        focusable="false"
        viewBox="0 0 24 24"
      >
        <path
          d="M19 5v14H5V5h14m0-2H5c-1.1 0-2 .9-2 2v14c0 1.1.9 2 2 2h14c1.1 0 2-.9 2-2V5c0-1.1-.9-2-2-2z"
        />
      </svg>
    </span>
  </span>
  <span
    className="MuiTypography-root MuiFormControlLabel-label label MuiTypography-body1"
  >
    Checkbox Item
  </span>
</label>
`;
