// Jest Snapshot v1, https://goo.gl/fbAQLP

exports[`test Matches Snapshot of Skrim 1`] = `
<div
  className="MuiContainer-root MuiContainer-maxWidthLg"
/>
`;
