// Jest Snapshot v1, https://goo.gl/fbAQLP

exports[`test Matches Snapshot of Header 1`] = `
<svg
  aria-hidden={true}
  className="MuiSvgIcon-root root"
  fill="none"
  focusable="false"
  height="64"
  viewBox="0 0 1044 64"
  width="1044"
  xmlns="http://www.w3.org/2000/svg"
>
  <path
    clipRule="evenodd"
    d="M0 1.01921e-06V64H222.432C229.978 64.003 232.81 57.6039 232.81 57.6039C232.81 57.6039 242.813 40.9222 247.57 32.6185C252.333 24.3148 259.863 25.1959 259.863 25.1959H290.909V0L0 1.01921e-06Z"
    fill="#97144D"
    fillRule="evenodd"
  />
  <path
    clipRule="evenodd"
    d="M77.6811 50.2578H64.3433L56.2418 36.1375H69.5767L77.6811 50.2578Z"
    fill="#FEFEFE"
    fillRule="evenodd"
  />
  <path
    clipRule="evenodd"
    d="M56.1951 13.0909L62.8804 24.5901L48.1085 50.2572H34.8004L56.1951 13.0909Z"
    fill="#FEFEFE"
    fillRule="evenodd"
  />
  <path
    clipRule="evenodd"
    d="M117.864 26.1074C117.581 25.6522 117.242 25.319 116.849 25.1048C116.456 24.8906 115.965 24.7805 115.376 24.7805C114.713 24.7805 114.207 24.9292 113.859 25.2327C113.508 25.5332 113.335 25.9111 113.335 26.3663C113.335 27.1249 113.892 27.6635 115.007 27.9878L116.572 28.4459C117.837 28.8149 118.771 29.3266 119.363 29.9841C119.961 30.6387 120.262 31.4241 120.262 32.3316C120.262 32.9087 120.146 33.4473 119.917 33.9441C119.687 34.441 119.363 34.8724 118.941 35.2294C118.521 35.5924 118.003 35.881 117.405 36.0863C116.804 36.2975 116.132 36.4016 115.394 36.4016C113.91 36.4016 112.737 36.0714 111.878 35.4079C111.018 34.7444 110.503 33.7864 110.33 32.5339L112.615 32.1114C112.749 32.9355 113.053 33.5454 113.526 33.9441C113.999 34.3428 114.624 34.5421 115.394 34.5421C116.195 34.5421 116.81 34.3487 117.236 33.962C117.67 33.5752 117.881 33.0754 117.881 32.4625C117.881 32.1263 117.828 31.8466 117.715 31.6145C117.605 31.3795 117.447 31.1742 117.245 30.9957C117.045 30.8172 116.807 30.6684 116.528 30.5464C116.251 30.4244 115.954 30.3144 115.635 30.2132L114.124 29.7699C113.044 29.4545 112.246 29.0082 111.732 28.437C111.217 27.8658 110.958 27.1725 110.958 26.3663C110.958 25.8605 111.062 25.3993 111.271 24.9739C111.479 24.5514 111.776 24.1854 112.163 23.8879C112.55 23.5874 113.011 23.3494 113.544 23.1798C114.082 23.0073 114.68 22.921 115.341 22.921C116.468 22.921 117.391 23.1263 118.102 23.5398C118.816 23.9474 119.348 24.5038 119.705 25.2059L117.864 26.1074ZM105.817 36.1636H108.156V23.1412H105.817V36.1636ZM96.3142 29.3474L91.9317 23.1412H94.6213L97.6768 27.6367L100.753 23.1412H103.407L98.9681 29.3683L103.776 36.1636H101.083L97.6233 31.1534L94.1244 36.1636H91.414L96.3142 29.3474ZM81.343 31.3944H86.0408L83.735 26.9375L81.343 31.3944ZM86.975 33.236H80.3641L78.7635 36.1636H76.2613L83.7529 22.6621L91.1017 36.1636H88.5608L86.975 33.236Z"
    fill="#FEFEFE"
    fillRule="evenodd"
  />
  <path
    clipRule="evenodd"
    d="M171.792 23.1408H174.131V28.3713L180.117 23.1408H183.101L176.231 29.0526L183.285 36.1633H180.191L174.592 30.4539L174.131 30.8615V36.1633H171.792V23.1408ZM157.535 27.5441V36.1633H155.197V22.7719L166.36 31.8344V23.1408H168.698V36.6036L157.535 27.5441ZM143.575 31.3911H148.273L145.97 26.9342L143.575 31.3911ZM149.21 33.2387H142.6L140.996 36.1633H138.491L145.988 22.6618L153.337 36.1633H150.796L149.21 33.2387ZM133.225 34.283C134.085 34.283 134.772 34.1253 135.286 33.804C135.804 33.4886 136.06 33.0007 136.06 32.3521C136.06 31.6856 135.804 31.1977 135.286 30.8883C134.772 30.5729 134.085 30.4152 133.225 30.4152H131.475V34.283H133.225ZM132.395 28.7015C133.168 28.7015 133.754 28.5379 134.156 28.2046C134.555 27.8744 134.754 27.4162 134.754 26.8242C134.754 26.2351 134.555 25.7739 134.156 25.4437C133.754 25.1104 133.177 24.9468 132.412 24.9468H131.475V28.7015H132.395ZM129.137 23.1418H132.267C133.849 23.1418 135.04 23.4691 135.84 24.1177C136.637 24.7693 137.036 25.635 137.036 26.715C137.036 27.1822 136.911 27.6433 136.661 28.0866C136.408 28.5359 136.066 28.9048 135.638 29.1845C136.468 29.4284 137.134 29.836 137.64 30.4073C138.146 30.9785 138.399 31.6509 138.399 32.4245C138.399 32.9154 138.3 33.3884 138.107 33.8466C137.911 34.2988 137.601 34.6975 137.179 35.0397C136.756 35.3848 136.212 35.6555 135.551 35.8579C134.888 36.0631 134.093 36.1643 133.162 36.1643H129.137V23.1418Z"
    fill="#FEFEFE"
    fillRule="evenodd"
  />
  <path
    d="M290 0V25.2126H1043.56V8.31942e-05L290 0Z"
    fill="#97144D"
  />
</svg>
`;
