// Jest Snapshot v1, https://goo.gl/fbAQLP

exports[`test Matches Snapshot of Divider 1`] = `
<hr
  className="MuiDivider-root"
/>
`;
