// Jest Snapshot v1, https://goo.gl/fbAQLP

exports[`test Matches Snapshot of RadioList 1`] = `
<fieldset
  className="MuiFormControl-root formControl"
>
  <legend
    className="MuiFormLabel-root formLabel"
  >
    Checkbox List Heading
  </legend>
  <div
    className="MuiFormGroup-root"
  >
    <label
      className="MuiFormControlLabel-root"
    >
      <span
        aria-disabled={false}
        className="MuiButtonBase-root MuiIconButton-root PrivateSwitchBase-root-8 MuiRadio-root MuiRadio-colorSecondary MuiIconButton-colorSecondary"
        onBlur={[Function]}
        onDragLeave={[Function]}
        onFocus={[Function]}
        onKeyDown={[Function]}
        onKeyUp={[Function]}
        onMouseDown={[Function]}
        onMouseLeave={[Function]}
        onMouseUp={[Function]}
        onTouchEnd={[Function]}
        onTouchMove={[Function]}
        onTouchStart={[Function]}
        tabIndex={null}
      >
        <span
          className="MuiIconButton-label"
        >
          <input
            className="PrivateSwitchBase-input-11"
            disabled={false}
            onChange={[Function]}
            tabIndex={0}
            type="radio"
            value="end"
          />
          <div
            className="PrivateRadioButtonIcon-root-12"
          >
            <svg
              aria-hidden={true}
              className="MuiSvgIcon-root"
              focusable="false"
              viewBox="0 0 24 24"
            >
              <path
                d="M12 2C6.48 2 2 6.48 2 12s4.48 10 10 10 10-4.48 10-10S17.52 2 12 2zm0 18c-4.42 0-8-3.58-8-8s3.58-8 8-8 8 3.58 8 8-3.58 8-8 8z"
              />
            </svg>
            <svg
              aria-hidden={true}
              className="MuiSvgIcon-root PrivateRadioButtonIcon-layer-13"
              focusable="false"
              viewBox="0 0 24 24"
            >
              <path
                d="M8.465 8.465C9.37 7.56 10.62 7 12 7C14.76 7 17 9.24 17 12C17 13.38 16.44 14.63 15.535 15.535C14.63 16.44 13.38 17 12 17C9.24 17 7 14.76 7 12C7 10.62 7.56 9.37 8.465 8.465Z"
              />
            </svg>
          </div>
        </span>
      </span>
      <span
        className="MuiTypography-root MuiFormControlLabel-label label MuiTypography-body1"
      >
        Default
      </span>
    </label>
    <label
      className="MuiFormControlLabel-root"
    >
      <span
        aria-disabled={false}
        className="MuiButtonBase-root MuiIconButton-root PrivateSwitchBase-root-8 MuiRadio-root MuiRadio-colorSecondary PrivateSwitchBase-checked-9 Mui-checked checked MuiIconButton-colorSecondary"
        onBlur={[Function]}
        onDragLeave={[Function]}
        onFocus={[Function]}
        onKeyDown={[Function]}
        onKeyUp={[Function]}
        onMouseDown={[Function]}
        onMouseLeave={[Function]}
        onMouseUp={[Function]}
        onTouchEnd={[Function]}
        onTouchMove={[Function]}
        onTouchStart={[Function]}
        tabIndex={null}
      >
        <span
          className="MuiIconButton-label"
        >
          <input
            checked={true}
            className="PrivateSwitchBase-input-11"
            disabled={false}
            onChange={[Function]}
            tabIndex={0}
            type="radio"
            value="end"
          />
          <div
            className="PrivateRadioButtonIcon-root-12 PrivateRadioButtonIcon-checked-14"
          >
            <svg
              aria-hidden={true}
              className="MuiSvgIcon-root"
              focusable="false"
              viewBox="0 0 24 24"
            >
              <path
                d="M12 2C6.48 2 2 6.48 2 12s4.48 10 10 10 10-4.48 10-10S17.52 2 12 2zm0 18c-4.42 0-8-3.58-8-8s3.58-8 8-8 8 3.58 8 8-3.58 8-8 8z"
              />
            </svg>
            <svg
              aria-hidden={true}
              className="MuiSvgIcon-root PrivateRadioButtonIcon-layer-13"
              focusable="false"
              viewBox="0 0 24 24"
            >
              <path
                d="M8.465 8.465C9.37 7.56 10.62 7 12 7C14.76 7 17 9.24 17 12C17 13.38 16.44 14.63 15.535 15.535C14.63 16.44 13.38 17 12 17C9.24 17 7 14.76 7 12C7 10.62 7.56 9.37 8.465 8.465Z"
              />
            </svg>
          </div>
        </span>
      </span>
      <span
        className="MuiTypography-root MuiFormControlLabel-label label MuiTypography-body1"
      >
        Checked
      </span>
    </label>
    <label
      className="MuiFormControlLabel-root Mui-disabled"
    >
      <span
        aria-disabled={true}
        className="MuiButtonBase-root MuiIconButton-root PrivateSwitchBase-root-8 MuiRadio-root MuiRadio-colorSecondary PrivateSwitchBase-disabled-10 Mui-disabled MuiIconButton-colorSecondary Mui-disabled Mui-disabled"
        onBlur={[Function]}
        onDragLeave={[Function]}
        onFocus={[Function]}
        onKeyDown={[Function]}
        onKeyUp={[Function]}
        onMouseDown={[Function]}
        onMouseLeave={[Function]}
        onMouseUp={[Function]}
        onTouchEnd={[Function]}
        onTouchMove={[Function]}
        onTouchStart={[Function]}
        tabIndex={-1}
      >
        <span
          className="MuiIconButton-label"
        >
          <input
            className="PrivateSwitchBase-input-11"
            disabled={true}
            onChange={[Function]}
            tabIndex={0}
            type="radio"
            value="end"
          />
          <div
            className="PrivateRadioButtonIcon-root-12"
          >
            <svg
              aria-hidden={true}
              className="MuiSvgIcon-root"
              focusable="false"
              viewBox="0 0 24 24"
            >
              <path
                d="M12 2C6.48 2 2 6.48 2 12s4.48 10 10 10 10-4.48 10-10S17.52 2 12 2zm0 18c-4.42 0-8-3.58-8-8s3.58-8 8-8 8 3.58 8 8-3.58 8-8 8z"
              />
            </svg>
            <svg
              aria-hidden={true}
              className="MuiSvgIcon-root PrivateRadioButtonIcon-layer-13"
              focusable="false"
              viewBox="0 0 24 24"
            >
              <path
                d="M8.465 8.465C9.37 7.56 10.62 7 12 7C14.76 7 17 9.24 17 12C17 13.38 16.44 14.63 15.535 15.535C14.63 16.44 13.38 17 12 17C9.24 17 7 14.76 7 12C7 10.62 7.56 9.37 8.465 8.465Z"
              />
            </svg>
          </div>
        </span>
      </span>
      <span
        className="MuiTypography-root MuiFormControlLabel-label label Mui-disabled MuiTypography-body1"
      >
        Disabled
      </span>
    </label>
    <label
      className="MuiFormControlLabel-root Mui-disabled"
    >
      <span
        aria-disabled={true}
        className="MuiButtonBase-root MuiIconButton-root PrivateSwitchBase-root-8 MuiRadio-root MuiRadio-colorSecondary PrivateSwitchBase-checked-9 Mui-checked disabledChecked PrivateSwitchBase-disabled-10 Mui-disabled MuiIconButton-colorSecondary Mui-disabled Mui-disabled"
        onBlur={[Function]}
        onDragLeave={[Function]}
        onFocus={[Function]}
        onKeyDown={[Function]}
        onKeyUp={[Function]}
        onMouseDown={[Function]}
        onMouseLeave={[Function]}
        onMouseUp={[Function]}
        onTouchEnd={[Function]}
        onTouchMove={[Function]}
        onTouchStart={[Function]}
        tabIndex={-1}
      >
        <span
          className="MuiIconButton-label"
        >
          <input
            checked={true}
            className="PrivateSwitchBase-input-11"
            disabled={true}
            onChange={[Function]}
            tabIndex={0}
            type="radio"
            value="end"
          />
          <div
            className="PrivateRadioButtonIcon-root-12 PrivateRadioButtonIcon-checked-14"
          >
            <svg
              aria-hidden={true}
              className="MuiSvgIcon-root"
              focusable="false"
              viewBox="0 0 24 24"
            >
              <path
                d="M12 2C6.48 2 2 6.48 2 12s4.48 10 10 10 10-4.48 10-10S17.52 2 12 2zm0 18c-4.42 0-8-3.58-8-8s3.58-8 8-8 8 3.58 8 8-3.58 8-8 8z"
              />
            </svg>
            <svg
              aria-hidden={true}
              className="MuiSvgIcon-root PrivateRadioButtonIcon-layer-13"
              focusable="false"
              viewBox="0 0 24 24"
            >
              <path
                d="M8.465 8.465C9.37 7.56 10.62 7 12 7C14.76 7 17 9.24 17 12C17 13.38 16.44 14.63 15.535 15.535C14.63 16.44 13.38 17 12 17C9.24 17 7 14.76 7 12C7 10.62 7.56 9.37 8.465 8.465Z"
              />
            </svg>
          </div>
        </span>
      </span>
      <span
        className="MuiTypography-root MuiFormControlLabel-label label Mui-disabled MuiTypography-body1"
      >
        Checked & Disabled
      </span>
    </label>
  </div>
</fieldset>
`;
