// Jest Snapshot v1, https://goo.gl/fbAQLP

exports[`test Matches Snapshot of Checklist 1`] = `
<fieldset
  className="MuiFormControl-root formControl"
>
  <legend
    className="MuiFormLabel-root formLabel"
  >
    Checkbox List Heading
  </legend>
  <div
    className="MuiFormGroup-root"
  >
    <label
      className="MuiFormControlLabel-root"
    >
      <span
        aria-disabled={false}
        className="MuiButtonBase-root MuiIconButton-root PrivateSwitchBase-root-5 MuiCheckbox-root MuiCheckbox-colorSecondary MuiIconButton-colorSecondary"
        onBlur={[Function]}
        onDragLeave={[Function]}
        onFocus={[Function]}
        onKeyDown={[Function]}
        onKeyUp={[Function]}
        onMouseDown={[Function]}
        onMouseLeave={[Function]}
        onMouseUp={[Function]}
        onTouchEnd={[Function]}
        onTouchMove={[Function]}
        onTouchStart={[Function]}
        tabIndex={null}
      >
        <span
          className="MuiIconButton-label"
        >
          <input
            className="PrivateSwitchBase-input-8"
            data-indeterminate={false}
            disabled={false}
            onChange={[Function]}
            tabIndex={0}
            type="checkbox"
            value="end"
          />
          <svg
            aria-hidden={true}
            className="MuiSvgIcon-root"
            focusable="false"
            viewBox="0 0 24 24"
          >
            <path
              d="M19 5v14H5V5h14m0-2H5c-1.1 0-2 .9-2 2v14c0 1.1.9 2 2 2h14c1.1 0 2-.9 2-2V5c0-1.1-.9-2-2-2z"
            />
          </svg>
        </span>
      </span>
      <span
        className="MuiTypography-root MuiFormControlLabel-label label MuiTypography-body1"
      >
        Default
      </span>
    </label>
    <label
      className="MuiFormControlLabel-root"
    >
      <span
        aria-disabled={false}
        className="MuiButtonBase-root MuiIconButton-root PrivateSwitchBase-root-5 MuiCheckbox-root MuiCheckbox-colorSecondary PrivateSwitchBase-checked-6 Mui-checked checked MuiIconButton-colorSecondary"
        onBlur={[Function]}
        onDragLeave={[Function]}
        onFocus={[Function]}
        onKeyDown={[Function]}
        onKeyUp={[Function]}
        onMouseDown={[Function]}
        onMouseLeave={[Function]}
        onMouseUp={[Function]}
        onTouchEnd={[Function]}
        onTouchMove={[Function]}
        onTouchStart={[Function]}
        tabIndex={null}
      >
        <span
          className="MuiIconButton-label"
        >
          <input
            checked={true}
            className="PrivateSwitchBase-input-8"
            data-indeterminate={false}
            disabled={false}
            onChange={[Function]}
            tabIndex={0}
            type="checkbox"
            value="end"
          />
          <svg
            aria-hidden={true}
            className="MuiSvgIcon-root"
            focusable="false"
            viewBox="0 0 24 24"
          >
            <path
              d="M19 3H5c-1.11 0-2 .9-2 2v14c0 1.1.89 2 2 2h14c1.11 0 2-.9 2-2V5c0-1.1-.89-2-2-2zm-9 14l-5-5 1.41-1.41L10 14.17l7.59-7.59L19 8l-9 9z"
            />
          </svg>
        </span>
      </span>
      <span
        className="MuiTypography-root MuiFormControlLabel-label label MuiTypography-body1"
      >
        Checked
      </span>
    </label>
    <label
      className="MuiFormControlLabel-root Mui-disabled"
    >
      <span
        aria-disabled={true}
        className="MuiButtonBase-root MuiIconButton-root PrivateSwitchBase-root-5 MuiCheckbox-root MuiCheckbox-colorSecondary PrivateSwitchBase-disabled-7 Mui-disabled MuiIconButton-colorSecondary Mui-disabled Mui-disabled"
        onBlur={[Function]}
        onDragLeave={[Function]}
        onFocus={[Function]}
        onKeyDown={[Function]}
        onKeyUp={[Function]}
        onMouseDown={[Function]}
        onMouseLeave={[Function]}
        onMouseUp={[Function]}
        onTouchEnd={[Function]}
        onTouchMove={[Function]}
        onTouchStart={[Function]}
        tabIndex={-1}
      >
        <span
          className="MuiIconButton-label"
        >
          <input
            className="PrivateSwitchBase-input-8"
            data-indeterminate={false}
            disabled={true}
            onChange={[Function]}
            tabIndex={0}
            type="checkbox"
            value="end"
          />
          <svg
            aria-hidden={true}
            className="MuiSvgIcon-root"
            focusable="false"
            viewBox="0 0 24 24"
          >
            <path
              d="M19 5v14H5V5h14m0-2H5c-1.1 0-2 .9-2 2v14c0 1.1.9 2 2 2h14c1.1 0 2-.9 2-2V5c0-1.1-.9-2-2-2z"
            />
          </svg>
        </span>
      </span>
      <span
        className="MuiTypography-root MuiFormControlLabel-label label Mui-disabled MuiTypography-body1"
      >
        Disabled
      </span>
    </label>
    <label
      className="MuiFormControlLabel-root Mui-disabled"
    >
      <span
        aria-disabled={true}
        className="MuiButtonBase-root MuiIconButton-root PrivateSwitchBase-root-5 MuiCheckbox-root MuiCheckbox-colorSecondary PrivateSwitchBase-checked-6 Mui-checked disabledChecked PrivateSwitchBase-disabled-7 Mui-disabled MuiIconButton-colorSecondary Mui-disabled Mui-disabled"
        onBlur={[Function]}
        onDragLeave={[Function]}
        onFocus={[Function]}
        onKeyDown={[Function]}
        onKeyUp={[Function]}
        onMouseDown={[Function]}
        onMouseLeave={[Function]}
        onMouseUp={[Function]}
        onTouchEnd={[Function]}
        onTouchMove={[Function]}
        onTouchStart={[Function]}
        tabIndex={-1}
      >
        <span
          className="MuiIconButton-label"
        >
          <input
            checked={true}
            className="PrivateSwitchBase-input-8"
            data-indeterminate={false}
            disabled={true}
            onChange={[Function]}
            tabIndex={0}
            type="checkbox"
            value="end"
          />
          <svg
            aria-hidden={true}
            className="MuiSvgIcon-root"
            focusable="false"
            viewBox="0 0 24 24"
          >
            <path
              d="M19 3H5c-1.11 0-2 .9-2 2v14c0 1.1.89 2 2 2h14c1.11 0 2-.9 2-2V5c0-1.1-.89-2-2-2zm-9 14l-5-5 1.41-1.41L10 14.17l7.59-7.59L19 8l-9 9z"
            />
          </svg>
        </span>
      </span>
      <span
        className="MuiTypography-root MuiFormControlLabel-label label Mui-disabled MuiTypography-body1"
      >
        Checked & Disabled
      </span>
    </label>
  </div>
</fieldset>
`;
